// Jest Snapshot v1, https://goo.gl/fbAQLP

exports[`should render Header component 1`] = `
<DocumentFragment>
  <header
    class="Header"
  >
    <div
      class="SearchBar"
    >
      <input
        class="Input "
        placeholder="Search shows and podcasts"
        type="search"
        value=""
      />
    </div>
  </header>
</DocumentFragment>
`;
