// Jest Snapshot v1, https://goo.gl/fbAQLP

exports[`should render Spinner component 1`] = `
<div
  class="SpinnerWrapper"
  data-testid="spinner"
>
  <span
    class="Spinner"
  >
    <span
      class="SpinItem"
    />
    <span
      class="SpinItem"
    />
    <span
      class="SpinItem"
    />
    <span
      class="SpinItem"
    />
  </span>
</div>
`;
