// Jest Snapshot v1, https://goo.gl/fbAQLP

exports[`PodcastItem match snapshot 1`] = `
<DocumentFragment>
  <div
    class="Item"
  >
    <div
      class="ImageWrapper"
    >
      <img
        alt=""
        class="Image"
        src="https://cdn-images-1.listennotes.com/podcasts/unfictional-kcrw-SqjEeFXNKk7-RiDjOlNuLve.300x300.jpg"
      />
    </div>
    <div
      class="Content"
    >
      <p
        class="Ellipsis Publisher"
      >
        KCRW
      </p>
      <h4
        class="Ellipsis Title"
      >
        UnFictional
      </h4>
      <a
        class="Button"
        href="/podcast/a5f2e7e4897847139be47e84e181c674"
      >
        View More
      </a>
    </div>
  </div>
</DocumentFragment>
`;
